###############################################################################
#
# IAR ELF Linker V7.80.1.11864/W32 for ARM                05/Dec/2016  17:02:03
# Copyright 2007-2016 IAR Systems AB.
#
#    Output file  =  
#        C:\Users\CYRIM\Documents\GitHub\Projet_M2\Board\nrf6310\template_project\iar\Debug\Exe\template_project.out
#    Map file     =  
#        C:\Users\CYRIM\Documents\GitHub\Projet_M2\Board\nrf6310\template_project\iar\Debug\List\template_project.map
#    Command line =  
#        C:\Users\CYRIM\Documents\GitHub\Projet_M2\Board\nrf6310\template_project\iar\Debug\Obj\iar_startup_nrf51.o
#        C:\Users\CYRIM\Documents\GitHub\Projet_M2\Board\nrf6310\template_project\iar\Debug\Obj\initialization.o
#        C:\Users\CYRIM\Documents\GitHub\Projet_M2\Board\nrf6310\template_project\iar\Debug\Obj\main.o
#        C:\Users\CYRIM\Documents\GitHub\Projet_M2\Board\nrf6310\template_project\iar\Debug\Obj\spi_master.o
#        C:\Users\CYRIM\Documents\GitHub\Projet_M2\Board\nrf6310\template_project\iar\Debug\Obj\system_nrf51.o
#        --redirect _Printf=_PrintfFull --redirect _Scanf=_ScanfFull -o
#        C:\Users\CYRIM\Documents\GitHub\Projet_M2\Board\nrf6310\template_project\iar\Debug\Exe\template_project.out
#        --map
#        C:\Users\CYRIM\Documents\GitHub\Projet_M2\Board\nrf6310\template_project\iar\Debug\List\template_project.map
#        --config "C:\Program Files (x86)\IAR Systems\Embedded Workbench
#        7.5\arm\config\linker\NordicSemi\nRF51822_QFAA.icf" --semihosting
#        --entry __iar_program_start --inline --vfe
#
###############################################################################

*******************************************************************************
*** RUNTIME MODEL ATTRIBUTES
***

CppFlavor       = *
__SystemLibrary = DLib


*******************************************************************************
*** PLACEMENT SUMMARY
***

"A0":  place at 0x00000000 { ro section .intvec };
"P1":  place in [from 0x00000000 to 0x0003ffff] { ro };
"P2":  place in [from 0x20000000 to 0x20003fff] { rw, block CSTACK, block HEAP };
initialize by copy { rw };
 { section .intvec };

  Section            Kind        Address   Size  Object
  -------            ----        -------   ----  ------
"A0":                                      0xc0
  .intvec            ro code  0x00000000   0xc0  iar_startup_nrf51.o [1]
                            - 0x000000c0   0xc0

"P1":                                     0x3f4
  .text              ro code  0x000000c0  0x178  main.o [1]
  .text              ro code  0x00000238   0x68  initialization.o [1]
  .text              ro code  0x000002a0   0xf0  system_nrf51.o [1]
  .text              ro code  0x00000390   0x30  copy_init3.o [4]
  .text              ro code  0x000003c0   0x2c  iar_startup_nrf51.o [1]
  .text              ro code  0x000003ec   0x28  data_init.o [4]
  .iar.init_table    const    0x00000414   0x14  - Linker created -
  .text              ro code  0x00000428   0x1a  cmain.o [4]
  .text              ro code  0x00000442    0x8  exit.o [3]
  .text              ro code  0x0000044a    0x2  iar_startup_nrf51.o [1]
  .text              ro code  0x0000044c    0xa  cexit.o [4]
  .text              ro code  0x00000456    0x2  iar_startup_nrf51.o [1]
  .text              ro code  0x00000458   0x14  exit.o [5]
  .text              ro code  0x0000046c    0xc  cstartup_M.o [4]
  Initializer bytes  const    0x00000478    0x8  <for P2-1>
  .text              ro code  0x00000480    0x2  iar_startup_nrf51.o [1]
  .text              ro code  0x00000482    0x2  iar_startup_nrf51.o [1]
  .text              ro code  0x00000484    0x2  iar_startup_nrf51.o [1]
  .text              ro code  0x00000486    0x2  iar_startup_nrf51.o [1]
  .text              ro code  0x00000488    0x2  iar_startup_nrf51.o [1]
  .text              ro code  0x0000048a    0x2  iar_startup_nrf51.o [1]
  .text              ro code  0x0000048c    0x2  iar_startup_nrf51.o [1]
  .text              ro code  0x0000048e    0x2  iar_startup_nrf51.o [1]
  .text              ro code  0x00000490    0x2  iar_startup_nrf51.o [1]
  .text              ro code  0x00000492    0x2  iar_startup_nrf51.o [1]
  .text              ro code  0x00000494    0x2  iar_startup_nrf51.o [1]
  .text              ro code  0x00000496    0x2  iar_startup_nrf51.o [1]
  .text              ro code  0x00000498    0x2  iar_startup_nrf51.o [1]
  .text              ro code  0x0000049a    0x2  iar_startup_nrf51.o [1]
  .text              ro code  0x0000049c    0x2  iar_startup_nrf51.o [1]
  .text              ro code  0x0000049e    0x2  iar_startup_nrf51.o [1]
  .text              ro code  0x000004a0    0x2  iar_startup_nrf51.o [1]
  .text              ro code  0x000004a2    0x2  iar_startup_nrf51.o [1]
  .text              ro code  0x000004a4    0x2  iar_startup_nrf51.o [1]
  .text              ro code  0x000004a6    0x2  iar_startup_nrf51.o [1]
  .text              ro code  0x000004a8    0x2  iar_startup_nrf51.o [1]
  .text              ro code  0x000004aa    0x2  iar_startup_nrf51.o [1]
  .text              ro code  0x000004ac    0x2  iar_startup_nrf51.o [1]
  .text              ro code  0x000004ae    0x2  iar_startup_nrf51.o [1]
  .text              ro code  0x000004b0    0x2  iar_startup_nrf51.o [1]
  .text              ro code  0x000004b2    0x2  iar_startup_nrf51.o [1]
  .rodata            const    0x000004b4    0x0  copy_init3.o [4]
                            - 0x000004b4  0x3f4

"P2", part 1 of 2:                          0x8
  P2-1                        0x20000000    0x5  <Init block>
    .data            inited   0x20000000    0x4  system_nrf51.o [1]
    .bss             inited   0x20000004    0x1  main.o [1]
                            - 0x20000005    0x5

"P2", part 2 of 2:                        0x800
  CSTACK                      0x20000008  0x800  <Block>
    CSTACK           uninit   0x20000008  0x800  <Block tail>
                            - 0x20000808  0x800


*******************************************************************************
*** INIT TABLE
***

          Address     Size
          -------     ----
Copy (__iar_copy_init3)
    1 source range, total size 0x8 (160% of destination):
          0x00000478   0x8
    1 destination range, total size 0x5:
          0x20000000   0x5



*******************************************************************************
*** MODULE SUMMARY
***

    Module               ro code  ro data  rw data
    ------               -------  -------  -------
C:\Users\CYRIM\Documents\GitHub\Projet_M2\Board\nrf6310\template_project\iar\Debug\Obj: [1]
    iar_startup_nrf51.o      292
    initialization.o         104
    main.o                   376        1        1
    system_nrf51.o           240        4        4
    ----------------------------------------------
    Total:                 1 012        5        5

command line: [2]
    ----------------------------------------------
    Total:

dl6M_tln.a: [3]
    exit.o                     8
    ----------------------------------------------
    Total:                     8

rt6M_tl.a: [4]
    cexit.o                   10
    cmain.o                   26
    copy_init3.o              48
    cstartup_M.o              12
    data_init.o               40
    ----------------------------------------------
    Total:                   136

shb_l.a: [5]
    exit.o                    20
    ----------------------------------------------
    Total:                    20

    Linker created                     23    2 048
--------------------------------------------------
    Grand Total:           1 176       28    2 053


*******************************************************************************
*** ENTRY LIST
***

Entry                      Address  Size  Type      Object
-----                      -------  ----  ----      ------
.iar.init_table$$Base   0x00000414         --   Gb  - Linker created -
.iar.init_table$$Limit  0x00000428         --   Gb  - Linker created -
?main                   0x00000429        Code  Gb  cmain.o [4]
CSTACK$$Base            0x20000008         --   Gb  - Linker created -
CSTACK$$Limit           0x20000808         --   Gb  - Linker created -
GPIOTE_IRQHandler       0x000000fd  0x3c  Code  Gb  main.o [1]
NVIC_DisableIRQ         0x000000cf   0xe  Code  Lc  main.o [1]
NVIC_EnableIRQ          0x000000c1   0xe  Code  Lc  main.o [1]
Region$$Table$$Base     0x00000414         --   Gb  - Linker created -
Region$$Table$$Limit    0x00000428         --   Gb  - Linker created -
SystemCoreClock         0x20000000   0x4  Data  Gb  system_nrf51.o [1]
SystemInit              0x000002a1  0x28  Code  Gb  system_nrf51.o [1]
TIMER0_IRQHandler       0x00000139  0x48  Code  Gb  main.o [1]
__Vectors               0x00000000         --   Gb  iar_startup_nrf51.o [1]
__Vectors_End           0x000000c0        Data  Gb  iar_startup_nrf51.o [1]
__Vectors_Size {Abs}    0x000000c0         --   Gb  iar_startup_nrf51.o [1]
__cmain                 0x00000429        Code  Gb  cmain.o [4]
__exit                  0x00000459  0x14  Code  Gb  exit.o [5]
__iar_copy_init3        0x00000391  0x30  Code  Gb  copy_init3.o [4]
__iar_data_init3        0x000003ed  0x28  Code  Gb  data_init.o [4]
__iar_program_start     0x0000046d        Code  Gb  cstartup_M.o [4]
__vector_table          0x00000000        Data  Gb  iar_startup_nrf51.o [1]
_call_main              0x00000435        Code  Gb  cmain.o [4]
_exit                   0x0000044d        Code  Gb  cexit.o [4]
_main                   0x0000043f        Code  Gb  cmain.o [4]
exit                    0x00000443   0x8  Code  Gb  exit.o [3]
gpiote_init             0x00000275  0x1c  Code  Gb  initialization.o [1]
is_disabled_in_debug_needed
                        0x00000339  0x38  Code  Lc  system_nrf51.o [1]
is_manual_peripheral_setup_needed
                        0x000002c9  0x70  Code  Lc  system_nrf51.o [1]
main                    0x00000181  0x34  Code  Gb  main.o [1]
nrf_gpio_cfg_input      0x00000239  0x12  Code  Lc  initialization.o [1]
nrf_gpio_cfg_output     0x000000dd   0xc  Code  Lc  main.o [1]
nrf_gpio_pin_clear      0x000000f3   0xa  Code  Lc  main.o [1]
nrf_gpio_pin_set        0x000000e9   0xa  Code  Lc  main.o [1]
nrf_gpiote_event_config
                        0x0000024b  0x2a  Code  Lc  initialization.o [1]
pulse_count             0x20000004   0x1  Data  Gb  main.o [1]
timer_init              0x000001b5  0x3a  Code  Gb  main.o [1]


[1] = C:\Users\CYRIM\Documents\GitHub\Projet_M2\Board\nrf6310\template_project\iar\Debug\Obj
[2] = command line
[3] = dl6M_tln.a
[4] = rt6M_tl.a
[5] = shb_l.a

  1 176 bytes of readonly  code memory
     28 bytes of readonly  data memory
  2 053 bytes of readwrite data memory

Errors: none
Warnings: none
