###############################################################################
#
# IAR ELF Linker V7.80.1.11864/W32 for ARM                06/Dec/2016  15:28:34
# Copyright 2007-2016 IAR Systems AB.
#
#    Output file  =  
#        C:\Users\CYRIM\Documents\GitHub\Projet_M2\Board\nrf6310\template_project\iar\Debug\Exe\template_project.out
#    Map file     =  
#        C:\Users\CYRIM\Documents\GitHub\Projet_M2\Board\nrf6310\template_project\iar\Debug\List\template_project.map
#    Command line =  
#        C:\Users\CYRIM\Documents\GitHub\Projet_M2\Board\nrf6310\template_project\iar\Debug\Obj\iar_startup_nrf51.o
#        C:\Users\CYRIM\Documents\GitHub\Projet_M2\Board\nrf6310\template_project\iar\Debug\Obj\initialization.o
#        C:\Users\CYRIM\Documents\GitHub\Projet_M2\Board\nrf6310\template_project\iar\Debug\Obj\main.o
#        C:\Users\CYRIM\Documents\GitHub\Projet_M2\Board\nrf6310\template_project\iar\Debug\Obj\spi_master.o
#        C:\Users\CYRIM\Documents\GitHub\Projet_M2\Board\nrf6310\template_project\iar\Debug\Obj\system_nrf51.o
#        --redirect _Printf=_PrintfFull --redirect _Scanf=_ScanfFull -o
#        C:\Users\CYRIM\Documents\GitHub\Projet_M2\Board\nrf6310\template_project\iar\Debug\Exe\template_project.out
#        --map
#        C:\Users\CYRIM\Documents\GitHub\Projet_M2\Board\nrf6310\template_project\iar\Debug\List\template_project.map
#        --config "C:\Program Files (x86)\IAR Systems\Embedded Workbench
#        7.5\arm\config\linker\NordicSemi\nRF51822_QFAA.icf" --semihosting
#        --entry __iar_program_start --inline --vfe
#
###############################################################################

*******************************************************************************
*** RUNTIME MODEL ATTRIBUTES
***

CppFlavor       = *
__SystemLibrary = DLib


*******************************************************************************
*** PLACEMENT SUMMARY
***

"A0":  place at 0x00000000 { ro section .intvec };
"P1":  place in [from 0x00000000 to 0x0003ffff] { ro };
"P2":  place in [from 0x20000000 to 0x20003fff] { rw, block CSTACK, block HEAP };
initialize by copy { rw };
 { section .intvec };

  Section            Kind        Address   Size  Object
  -------            ----        -------   ----  ------
"A0":                                      0xc0
  .intvec            ro code  0x00000000   0xc0  iar_startup_nrf51.o [1]
                            - 0x000000c0   0xc0

"P1":                                     0x89a
  .text              ro code  0x000000c0  0x458  main.o [1]
  .text              ro code  0x00000518  0x1c0  spi_master.o [1]
  .text              ro code  0x000006d8   0x68  initialization.o [1]
  .text              ro code  0x00000740   0xf0  system_nrf51.o [1]
  .text              ro code  0x00000830   0x3c  packbits_init_single.o [4]
  .text              ro code  0x0000086c   0x2c  iar_startup_nrf51.o [1]
  .text              ro code  0x00000898   0x28  data_init.o [4]
  .iar.init_table    const    0x000008c0   0x10  - Linker created -
  .text              ro code  0x000008d0   0x1a  cmain.o [4]
  .text              ro code  0x000008ea    0x8  exit.o [3]
  .text              ro code  0x000008f2    0x2  iar_startup_nrf51.o [1]
  .text              ro code  0x000008f4    0xa  cexit.o [4]
  .text              ro code  0x000008fe    0x2  iar_startup_nrf51.o [1]
  .text              ro code  0x00000900   0x14  exit.o [5]
  .text              ro code  0x00000914    0xc  cstartup_M.o [4]
  .text              ro code  0x00000920    0x2  iar_startup_nrf51.o [1]
  .text              ro code  0x00000922    0x2  iar_startup_nrf51.o [1]
  .text              ro code  0x00000924    0x2  iar_startup_nrf51.o [1]
  .text              ro code  0x00000926    0x2  iar_startup_nrf51.o [1]
  .text              ro code  0x00000928    0x2  iar_startup_nrf51.o [1]
  .text              ro code  0x0000092a    0x2  iar_startup_nrf51.o [1]
  .text              ro code  0x0000092c    0x2  iar_startup_nrf51.o [1]
  .text              ro code  0x0000092e    0x2  iar_startup_nrf51.o [1]
  .text              ro code  0x00000930    0x2  iar_startup_nrf51.o [1]
  .text              ro code  0x00000932    0x2  iar_startup_nrf51.o [1]
  .text              ro code  0x00000934    0x2  iar_startup_nrf51.o [1]
  .text              ro code  0x00000936    0x2  iar_startup_nrf51.o [1]
  .text              ro code  0x00000938    0x2  iar_startup_nrf51.o [1]
  .text              ro code  0x0000093a    0x2  iar_startup_nrf51.o [1]
  .text              ro code  0x0000093c    0x2  iar_startup_nrf51.o [1]
  .text              ro code  0x0000093e    0x2  iar_startup_nrf51.o [1]
  .text              ro code  0x00000940    0x2  iar_startup_nrf51.o [1]
  .text              ro code  0x00000942    0x2  iar_startup_nrf51.o [1]
  .text              ro code  0x00000944    0x2  iar_startup_nrf51.o [1]
  .text              ro code  0x00000946    0x2  iar_startup_nrf51.o [1]
  .text              ro code  0x00000948    0x2  iar_startup_nrf51.o [1]
  .text              ro code  0x0000094a    0x2  iar_startup_nrf51.o [1]
  .text              ro code  0x0000094c    0x2  iar_startup_nrf51.o [1]
  .text              ro code  0x0000094e    0x2  iar_startup_nrf51.o [1]
  .text              ro code  0x00000950    0x2  iar_startup_nrf51.o [1]
  .text              ro code  0x00000952    0x2  iar_startup_nrf51.o [1]
  .rodata            const    0x00000954    0x0  packbits_init_single.o [4]
  Initializer bytes  const    0x00000954    0x6  <for P2-1>
                            - 0x0000095a  0x89a

"P2", part 1 of 2:                         0x15
  P2-1                        0x20000000   0x15  <Init block>
    .data            inited   0x20000000    0x4  system_nrf51.o [1]
    .bss             inited   0x20000004    0x8  main.o [1]
    .bss             inited   0x2000000c    0x8  main.o [1]
    .bss             inited   0x20000014    0x1  main.o [1]
                            - 0x20000015   0x15

"P2", part 2 of 2:                        0x800
  CSTACK                      0x20000018  0x800  <Block>
    CSTACK           uninit   0x20000018  0x800  <Block tail>
                            - 0x20000818  0x800


*******************************************************************************
*** INIT TABLE
***

          Address     Size
          -------     ----
Copy/packbits (__iar_packbits_init_single3)
    1 source range, total size 0x6 (28% of destination):
          0x00000954   0x6
    1 destination range, total size 0x15:
          0x20000000  0x15



*******************************************************************************
*** MODULE SUMMARY
***

    Module                  ro code  ro data  rw data
    ------                  -------  -------  -------
C:\Users\CYRIM\Documents\GitHub\Projet_M2\Board\nrf6310\template_project\iar\Debug\Obj: [1]
    iar_startup_nrf51.o         292
    initialization.o            104
    main.o                    1 112        5       17
    spi_master.o                448
    system_nrf51.o              240        1        4
    -------------------------------------------------
    Total:                    2 196        6       21

command line: [2]
    -------------------------------------------------
    Total:

dl6M_tln.a: [3]
    exit.o                        8
    -------------------------------------------------
    Total:                        8

rt6M_tl.a: [4]
    cexit.o                      10
    cmain.o                      26
    cstartup_M.o                 12
    data_init.o                  40
    packbits_init_single.o       60
    -------------------------------------------------
    Total:                      148

shb_l.a: [5]
    exit.o                       20
    -------------------------------------------------
    Total:                       20

    Linker created                        16    2 048
-----------------------------------------------------
    Grand Total:              2 372       22    2 069


*******************************************************************************
*** ENTRY LIST
***

Entry                      Address  Size  Type      Object
-----                      -------  ----  ----      ------
.iar.init_table$$Base   0x000008c0         --   Gb  - Linker created -
.iar.init_table$$Limit  0x000008d0         --   Gb  - Linker created -
?main                   0x000008d1        Code  Gb  cmain.o [4]
CSTACK$$Base            0x20000018         --   Gb  - Linker created -
CSTACK$$Limit           0x20000818         --   Gb  - Linker created -
GPIOTE_IRQHandler       0x000002cd  0x3c  Code  Gb  main.o [1]
NVIC_DisableIRQ         0x000000cf   0xe  Code  Lc  main.o [1]
NVIC_EnableIRQ          0x000000c1   0xe  Code  Lc  main.o [1]
Region$$Table$$Base     0x000008c0         --   Gb  - Linker created -
Region$$Table$$Limit    0x000008d0         --   Gb  - Linker created -
SystemCoreClock         0x20000000   0x4  Data  Gb  system_nrf51.o [1]
SystemInit              0x00000741  0x28  Code  Gb  system_nrf51.o [1]
TIMER0_IRQHandler       0x00000309  0x5e  Code  Gb  main.o [1]
__Vectors               0x00000000         --   Gb  iar_startup_nrf51.o [1]
__Vectors_End           0x000000c0        Data  Gb  iar_startup_nrf51.o [1]
__Vectors_Size {Abs}    0x000000c0         --   Gb  iar_startup_nrf51.o [1]
__cmain                 0x000008d1        Code  Gb  cmain.o [4]
__exit                  0x00000901  0x14  Code  Gb  exit.o [5]
__iar_data_init3        0x00000899  0x28  Code  Gb  data_init.o [4]
__iar_packbits_init_single3
                        0x00000831  0x3c  Code  Gb  packbits_init_single.o [4]
__iar_program_start     0x00000915        Code  Gb  cstartup_M.o [4]
__vector_table          0x00000000        Data  Gb  iar_startup_nrf51.o [1]
_call_main              0x000008dd        Code  Gb  cmain.o [4]
_exit                   0x000008f5        Code  Gb  cexit.o [4]
_main                   0x000008e7        Code  Gb  cmain.o [4]
exit                    0x000008eb   0x8  Code  Gb  exit.o [3]
gpiote_init             0x00000715  0x1c  Code  Gb  initialization.o [1]
is_disabled_in_debug_needed
                        0x000007d9  0x38  Code  Lc  system_nrf51.o [1]
is_manual_peripheral_setup_needed
                        0x00000769  0x70  Code  Lc  system_nrf51.o [1]
main                    0x00000389  0xdc  Code  Gb  main.o [1]
nrf_gpio_cfg_input      0x000006d9  0x12  Code  Lc  initialization.o [1]
nrf_gpio_cfg_input      0x00000525  0x12  Code  Lc  spi_master.o [1]
nrf_gpio_cfg_output     0x000000dd   0xc  Code  Lc  main.o [1]
nrf_gpio_cfg_output     0x00000519   0xc  Code  Lc  spi_master.o [1]
nrf_gpio_pin_clear      0x000000f3   0xa  Code  Lc  main.o [1]
nrf_gpio_pin_clear      0x00000541   0xa  Code  Lc  spi_master.o [1]
nrf_gpio_pin_set        0x000000e9   0xa  Code  Lc  main.o [1]
nrf_gpio_pin_set        0x00000537   0xa  Code  Lc  spi_master.o [1]
nrf_gpio_pin_toggle     0x000000fd  0x10  Code  Lc  main.o [1]
nrf_gpiote_event_config
                        0x000006eb  0x2a  Code  Lc  initialization.o [1]
pulse_count             0x20000014   0x1  Data  Gb  main.o [1]
read_ac_value           0x00000189  0x6a  Code  Gb  main.o [1]
read_data               0x0000014b  0x3e  Code  Gb  main.o [1]
rx_data                 0x2000000c   0x8  Data  Lc  main.o [1]
spi_master_init         0x0000054b  0xe6  Code  Gb  spi_master.o [1]
spi_master_tx_rx        0x00000631  0x84  Code  Gb  spi_master.o [1]
test_spi_tx_rx          0x000001f3  0xda  Code  Lc  main.o [1]
timer_init              0x00000471  0x3a  Code  Gb  main.o [1]
tx_data                 0x20000004   0x8  Data  Lc  main.o [1]
write_data              0x0000010d  0x3e  Code  Gb  main.o [1]


[1] = C:\Users\CYRIM\Documents\GitHub\Projet_M2\Board\nrf6310\template_project\iar\Debug\Obj
[2] = command line
[3] = dl6M_tln.a
[4] = rt6M_tl.a
[5] = shb_l.a

  2 372 bytes of readonly  code memory
     22 bytes of readonly  data memory
  2 069 bytes of readwrite data memory

Errors: none
Warnings: none
