###############################################################################
#
# IAR ELF Linker V7.80.1.11864/W32 for ARM                19/Jan/2017  16:14:47
# Copyright 2007-2016 IAR Systems AB.
#
#    Output file  =  
#        Z:\GitHub\Projet_M2\Board\nrf6310\template_project\iar\Debug\Exe\template_project.out
#    Map file     =  
#        Z:\GitHub\Projet_M2\Board\nrf6310\template_project\iar\Debug\List\template_project.map
#    Command line =  
#        Z:\GitHub\Projet_M2\Board\nrf6310\template_project\iar\Debug\Obj\adc.o
#        Z:\GitHub\Projet_M2\Board\nrf6310\template_project\iar\Debug\Obj\iar_startup_nrf51.o
#        Z:\GitHub\Projet_M2\Board\nrf6310\template_project\iar\Debug\Obj\initialization.o
#        Z:\GitHub\Projet_M2\Board\nrf6310\template_project\iar\Debug\Obj\main.o
#        Z:\GitHub\Projet_M2\Board\nrf6310\template_project\iar\Debug\Obj\radio_config.o
#        Z:\GitHub\Projet_M2\Board\nrf6310\template_project\iar\Debug\Obj\spi_master.o
#        Z:\GitHub\Projet_M2\Board\nrf6310\template_project\iar\Debug\Obj\system_nrf51.o
#        --redirect _Printf=_PrintfFull --redirect _Scanf=_ScanfFull -o
#        Z:\GitHub\Projet_M2\Board\nrf6310\template_project\iar\Debug\Exe\template_project.out
#        --map
#        Z:\GitHub\Projet_M2\Board\nrf6310\template_project\iar\Debug\List\template_project.map
#        --config "C:\Program Files (x86)\IAR Systems\Embedded Workbench
#        7.5\arm\config\linker\NordicSemi\nRF51822_QFAA.icf" --semihosting
#        --entry __iar_program_start --inline --vfe
#
###############################################################################

*******************************************************************************
*** RUNTIME MODEL ATTRIBUTES
***

CppFlavor       = *
__SystemLibrary = DLib


*******************************************************************************
*** PLACEMENT SUMMARY
***

"A0":  place at 0x00000000 { ro section .intvec };
"P1":  place in [from 0x00000000 to 0x0003ffff] { ro };
"P2":  place in [from 0x20000000 to 0x20003fff] { rw, block CSTACK, block HEAP };
initialize by copy { rw };
 { section .intvec };

  Section            Kind        Address   Size  Object
  -------            ----        -------   ----  ------
"A0":                                      0xc0
  .intvec            ro code  0x00000000   0xc0  iar_startup_nrf51.o [1]
                            - 0x000000c0   0xc0

"P1":                                     0xc66
  .text              ro code  0x000000c0  0x32c  main.o [1]
  .text              ro code  0x000003ec  0x128  initialization.o [1]
  .text              ro code  0x00000514  0x26c  spi_master.o [1]
  .text              ro code  0x00000780   0xe0  I32DivModFast.o [4]
  .text              ro code  0x00000860  0x248  radio_config.o [1]
  .text              ro code  0x00000aa8   0x64  adc.o [1]
  .text              ro code  0x00000b0c   0xf0  system_nrf51.o [1]
  .text              ro code  0x00000bfc   0x3c  packbits_init_single.o [4]
  .text              ro code  0x00000c38   0x2c  iar_startup_nrf51.o [1]
  .text              ro code  0x00000c64   0x28  data_init.o [4]
  .iar.init_table    const    0x00000c8c   0x10  - Linker created -
  .text              ro code  0x00000c9c   0x1a  cmain.o [4]
  .text              ro code  0x00000cb6    0x8  exit.o [3]
  .text              ro code  0x00000cbe    0x2  iar_startup_nrf51.o [1]
  .text              ro code  0x00000cc0    0xa  cexit.o [4]
  .text              ro code  0x00000cca    0x2  iar_startup_nrf51.o [1]
  .text              ro code  0x00000ccc   0x14  exit.o [5]
  .text              ro code  0x00000ce0    0xc  cstartup_M.o [4]
  .text              ro code  0x00000cec    0x2  iar_startup_nrf51.o [1]
  .text              ro code  0x00000cee    0x2  iar_startup_nrf51.o [1]
  .text              ro code  0x00000cf0    0x2  iar_startup_nrf51.o [1]
  .text              ro code  0x00000cf2    0x2  iar_startup_nrf51.o [1]
  .text              ro code  0x00000cf4    0x2  iar_startup_nrf51.o [1]
  .text              ro code  0x00000cf6    0x2  iar_startup_nrf51.o [1]
  .text              ro code  0x00000cf8    0x2  iar_startup_nrf51.o [1]
  .text              ro code  0x00000cfa    0x2  iar_startup_nrf51.o [1]
  .text              ro code  0x00000cfc    0x2  iar_startup_nrf51.o [1]
  .text              ro code  0x00000cfe    0x2  iar_startup_nrf51.o [1]
  .text              ro code  0x00000d00    0x2  iar_startup_nrf51.o [1]
  .text              ro code  0x00000d02    0x2  iar_startup_nrf51.o [1]
  .text              ro code  0x00000d04    0x2  iar_startup_nrf51.o [1]
  .text              ro code  0x00000d06    0x2  iar_startup_nrf51.o [1]
  .text              ro code  0x00000d08    0x2  iar_startup_nrf51.o [1]
  .text              ro code  0x00000d0a    0x2  iar_startup_nrf51.o [1]
  .text              ro code  0x00000d0c    0x2  iar_startup_nrf51.o [1]
  .text              ro code  0x00000d0e    0x2  iar_startup_nrf51.o [1]
  .text              ro code  0x00000d10    0x2  iar_startup_nrf51.o [1]
  .text              ro code  0x00000d12    0x2  iar_startup_nrf51.o [1]
  .text              ro code  0x00000d14    0x2  iar_startup_nrf51.o [1]
  .text              ro code  0x00000d16    0x2  iar_startup_nrf51.o [1]
  .text              ro code  0x00000d18    0x2  iar_startup_nrf51.o [1]
  .text              ro code  0x00000d1a    0x2  iar_startup_nrf51.o [1]
  .rodata            const    0x00000d1c    0x0  packbits_init_single.o [4]
  Initializer bytes  const    0x00000d1c    0xa  <for P2-1>
                            - 0x00000d26  0xc66

"P2", part 1 of 2:                         0x45
  P2-1                        0x20000000   0x45  <Init block>
    .data            inited   0x20000000    0x4  system_nrf51.o [1]
    .bss             inited   0x20000004   0x14  main.o [1]
    .bss             inited   0x20000018   0x14  main.o [1]
    .bss             inited   0x2000002c   0x14  main.o [1]
    .data            inited   0x20000040    0x1  main.o [1]
    .bss             inited   0x20000041    0x1  main.o [1]
    .bss             inited   0x20000042    0x1  main.o [1]
    .bss             inited   0x20000043    0x1  main.o [1]
    .bss             inited   0x20000044    0x1  main.o [1]
                            - 0x20000045   0x45

"P2", part 2 of 2:                        0x800
  CSTACK                      0x20000048  0x800  <Block>
    CSTACK           uninit   0x20000048  0x800  <Block tail>
                            - 0x20000848  0x800


*******************************************************************************
*** INIT TABLE
***

          Address     Size
          -------     ----
Copy/packbits (__iar_packbits_init_single3)
    1 source range, total size 0xa (14% of destination):
          0x00000d1c   0xa
    1 destination range, total size 0x45:
          0x20000000  0x45



*******************************************************************************
*** MODULE SUMMARY
***

    Module                  ro code  ro data  rw data
    ------                  -------  -------  -------
Z:\GitHub\Projet_M2\Board\nrf6310\template_project\iar\Debug\Obj: [1]
    adc.o                       100
    iar_startup_nrf51.o         288
    initialization.o            296
    main.o                      812       10       65
    radio_config.o              584
    spi_master.o                620
    system_nrf51.o              240                 4
    -------------------------------------------------
    Total:                    2 940       10       69

command line: [2]
    -------------------------------------------------
    Total:

dl6M_tln.a: [3]
    exit.o                        8
    -------------------------------------------------
    Total:                        8

rt6M_tl.a: [4]
    I32DivModFast.o             224
    cexit.o                      10
    cmain.o                      26
    cstartup_M.o                 12
    data_init.o                  40
    packbits_init_single.o       60
    -------------------------------------------------
    Total:                      372

shb_l.a: [5]
    exit.o                       20
    -------------------------------------------------
    Total:                       20

    Linker created                        16    2 048
-----------------------------------------------------
    Grand Total:              3 340       26    2 117


*******************************************************************************
*** ENTRY LIST
***

Entry                      Address   Size  Type      Object
-----                      -------   ----  ----      ------
.iar.init_table$$Base   0x00000c8c          --   Gb  - Linker created -
.iar.init_table$$Limit  0x00000c9c          --   Gb  - Linker created -
?main                   0x00000c9d         Code  Gb  cmain.o [4]
CSTACK$$Base            0x20000048          --   Gb  - Linker created -
CSTACK$$Limit           0x20000848          --   Gb  - Linker created -
GPIOTE_IRQHandler       0x00000223   0x42  Code  Gb  main.o [1]
NVIC_DisableIRQ         0x000000cf    0xe  Code  Lc  main.o [1]
NVIC_EnableIRQ          0x000000c1    0xe  Code  Lc  main.o [1]
Region$$Table$$Base     0x00000c8c          --   Gb  - Linker created -
Region$$Table$$Limit    0x00000c9c          --   Gb  - Linker created -
SystemCoreClock         0x20000000    0x4  Data  Gb  system_nrf51.o [1]
SystemInit              0x00000b0d   0x28  Code  Gb  system_nrf51.o [1]
TIMER0_IRQHandler       0x00000315   0x6c  Code  Gb  main.o [1]
TIMER0_IRQHandler::LED_on
                        0x20000044    0x1  Data  Lc  main.o [1]
TIMER0_IRQHandler::adc_value
                        0x20000043    0x1  Data  Lc  main.o [1]
TIMER1_IRQHandler       0x000002c3   0x4c  Code  Gb  main.o [1]
TIMER2_IRQHandler       0x00000265   0x5e  Code  Gb  main.o [1]
__Vectors               0x00000000          --   Gb  iar_startup_nrf51.o [1]
__Vectors_End           0x000000c0         Data  Gb  iar_startup_nrf51.o [1]
__Vectors_Size {Abs}    0x000000c0          --   Gb  iar_startup_nrf51.o [1]
__aeabi_idiv            0x000007ad         Code  Gb  I32DivModFast.o [4]
__aeabi_idivmod         0x000007ad         Code  Gb  I32DivModFast.o [4]
__aeabi_uidiv           0x000007b3         Code  Gb  I32DivModFast.o [4]
__aeabi_uidivmod        0x000007b3         Code  Gb  I32DivModFast.o [4]
__cmain                 0x00000c9d         Code  Gb  cmain.o [4]
__exit                  0x00000ccd   0x14  Code  Gb  exit.o [5]
__iar_data_init3        0x00000c65   0x28  Code  Gb  data_init.o [4]
__iar_packbits_init_single3
                        0x00000bfd   0x3c  Code  Gb  packbits_init_single.o [4]
__iar_program_start     0x00000ce1         Code  Gb  cstartup_M.o [4]
__vector_table          0x00000000         Data  Gb  iar_startup_nrf51.o [1]
_call_main              0x00000ca9         Code  Gb  cmain.o [4]
_exit                   0x00000cc1         Code  Gb  cexit.o [4]
_main                   0x00000cb3         Code  Gb  cmain.o [4]
exit                    0x00000cb7    0x8  Code  Gb  exit.o [3]
is_disabled_in_debug_needed
                        0x00000ba5   0x38  Code  Lc  system_nrf51.o [1]
is_manual_peripheral_setup_needed
                        0x00000b35   0x70  Code  Lc  system_nrf51.o [1]
main                    0x000000f1  0x132  Code  Gb  main.o [1]
nrf_delay_us            0x00000861   0x1e  Code  Lc  radio_config.o [1]
nrf_gpio_cfg_input      0x00000521   0x12  Code  Lc  spi_master.o [1]
nrf_gpio_cfg_output     0x00000515    0xc  Code  Lc  spi_master.o [1]
nrf_gpio_pin_clear      0x00000ab3    0xa  Code  Lc  adc.o [1]
nrf_gpio_pin_clear      0x000000e7    0xa  Code  Lc  main.o [1]
nrf_gpio_pin_clear      0x0000053d    0xa  Code  Lc  spi_master.o [1]
nrf_gpio_pin_set        0x00000aa9    0xa  Code  Lc  adc.o [1]
nrf_gpio_pin_set        0x000000dd    0xa  Code  Lc  main.o [1]
nrf_gpio_pin_set        0x00000533    0xa  Code  Lc  spi_master.o [1]
pulse_count             0x20000041    0x1  Data  Gb  main.o [1]
radio_configure         0x000008ed   0xe0  Code  Gb  radio_config.o [1]
read_ac_value           0x00000717   0x6a  Code  Gb  spi_master.o [1]
rf_send                 0x000009cd   0x70  Code  Gb  radio_config.o [1]
sample_count            0x20000040    0x1  Data  Gb  main.o [1]
spi_master_init         0x00000547   0xe6  Code  Gb  spi_master.o [1]
spi_master_tx_rx        0x0000062d   0x84  Code  Gb  spi_master.o [1]
start                   0x20000042    0x1  Data  Gb  main.o [1]
start_sampling          0x00000abd   0x34  Code  Gb  adc.o [1]
swap_bits               0x0000087f   0x2e  Code  Lc  radio_config.o [1]
swap_bytes              0x000008ad   0x40  Code  Lc  radio_config.o [1]
timerADC_init           0x00000463   0x3a  Code  Gb  initialization.o [1]
timerSPI_init           0x00000427   0x3c  Code  Gb  initialization.o [1]
timerVib_init           0x000003ed   0x3a  Code  Gb  initialization.o [1]
write_data              0x000006d5   0x42  Code  Gb  spi_master.o [1]
x_acc_samples           0x20000004   0x14  Data  Lc  main.o [1]
y_acc_samples           0x20000018   0x14  Data  Lc  main.o [1]
z_acc_samples           0x2000002c   0x14  Data  Lc  main.o [1]


[1] = Z:\GitHub\Projet_M2\Board\nrf6310\template_project\iar\Debug\Obj
[2] = command line
[3] = dl6M_tln.a
[4] = rt6M_tl.a
[5] = shb_l.a

  3 340 bytes of readonly  code memory
     26 bytes of readonly  data memory
  2 117 bytes of readwrite data memory

Errors: none
Warnings: none
