###############################################################################
#
# IAR ELF Linker V7.80.1.11864/W32 for ARM                07/Dec/2016  14:15:25
# Copyright 2007-2016 IAR Systems AB.
#
#    Output file  =  
#        C:\Users\CYRIM\Documents\GitHub\Projet_M2\Board\nrf6310\template_project\iar\Debug\Exe\template_project.out
#    Map file     =  
#        C:\Users\CYRIM\Documents\GitHub\Projet_M2\Board\nrf6310\template_project\iar\Debug\List\template_project.map
#    Command line =  
#        C:\Users\CYRIM\Documents\GitHub\Projet_M2\Board\nrf6310\template_project\iar\Debug\Obj\iar_startup_nrf51.o
#        C:\Users\CYRIM\Documents\GitHub\Projet_M2\Board\nrf6310\template_project\iar\Debug\Obj\initialization.o
#        C:\Users\CYRIM\Documents\GitHub\Projet_M2\Board\nrf6310\template_project\iar\Debug\Obj\main.o
#        C:\Users\CYRIM\Documents\GitHub\Projet_M2\Board\nrf6310\template_project\iar\Debug\Obj\spi_master.o
#        C:\Users\CYRIM\Documents\GitHub\Projet_M2\Board\nrf6310\template_project\iar\Debug\Obj\system_nrf51.o
#        --redirect _Printf=_PrintfFull --redirect _Scanf=_ScanfFull -o
#        C:\Users\CYRIM\Documents\GitHub\Projet_M2\Board\nrf6310\template_project\iar\Debug\Exe\template_project.out
#        --map
#        C:\Users\CYRIM\Documents\GitHub\Projet_M2\Board\nrf6310\template_project\iar\Debug\List\template_project.map
#        --config "C:\Program Files (x86)\IAR Systems\Embedded Workbench
#        7.5\arm\config\linker\NordicSemi\nRF51822_QFAA.icf" --semihosting
#        --entry __iar_program_start --inline --vfe
#
###############################################################################

*******************************************************************************
*** RUNTIME MODEL ATTRIBUTES
***

CppFlavor       = *
__SystemLibrary = DLib


*******************************************************************************
*** PLACEMENT SUMMARY
***

"A0":  place at 0x00000000 { ro section .intvec };
"P1":  place in [from 0x00000000 to 0x0003ffff] { ro };
"P2":  place in [from 0x20000000 to 0x20003fff] { rw, block CSTACK, block HEAP };
initialize by copy { rw };
 { section .intvec };

  Section            Kind        Address   Size  Object
  -------            ----        -------   ----  ------
"A0":                                      0xc0
  .intvec            ro code  0x00000000   0xc0  iar_startup_nrf51.o [1]
                            - 0x000000c0   0xc0

"P1":                                     0xaca
  .text              ro code  0x000000c0  0x564  main.o [1]
  .text              ro code  0x00000624  0x1c0  spi_master.o [1]
  .text              ro code  0x000007e4   0x68  initialization.o [1]
  .text              ro code  0x0000084c   0xe0  I32DivModFast.o [4]
  .text              ro code  0x0000092c   0xf0  system_nrf51.o [1]
  .text              ro code  0x00000a1c   0x3c  zero_init3.o [4]
  .text              ro code  0x00000a58   0x30  copy_init3.o [4]
  .text              ro code  0x00000a88   0x2c  iar_startup_nrf51.o [1]
  .text              ro code  0x00000ab4   0x28  data_init.o [4]
  .iar.init_table    const    0x00000adc   0x24  - Linker created -
  .text              ro code  0x00000b00   0x1a  cmain.o [4]
  .text              ro code  0x00000b1a    0x8  exit.o [3]
  .text              ro code  0x00000b22    0x2  iar_startup_nrf51.o [1]
  .text              ro code  0x00000b24    0xa  cexit.o [4]
  .text              ro code  0x00000b2e    0x2  iar_startup_nrf51.o [1]
  .text              ro code  0x00000b30   0x14  exit.o [5]
  .text              ro code  0x00000b44    0xc  cstartup_M.o [4]
  Initializer bytes  const    0x00000b50    0x8  <for P2-1>
  .text              ro code  0x00000b58    0x2  iar_startup_nrf51.o [1]
  .text              ro code  0x00000b5a    0x2  iar_startup_nrf51.o [1]
  .text              ro code  0x00000b5c    0x2  iar_startup_nrf51.o [1]
  .text              ro code  0x00000b5e    0x2  iar_startup_nrf51.o [1]
  .text              ro code  0x00000b60    0x2  iar_startup_nrf51.o [1]
  .text              ro code  0x00000b62    0x2  iar_startup_nrf51.o [1]
  .text              ro code  0x00000b64    0x2  iar_startup_nrf51.o [1]
  .text              ro code  0x00000b66    0x2  iar_startup_nrf51.o [1]
  .text              ro code  0x00000b68    0x2  iar_startup_nrf51.o [1]
  .text              ro code  0x00000b6a    0x2  iar_startup_nrf51.o [1]
  .text              ro code  0x00000b6c    0x2  iar_startup_nrf51.o [1]
  .text              ro code  0x00000b6e    0x2  iar_startup_nrf51.o [1]
  .text              ro code  0x00000b70    0x2  iar_startup_nrf51.o [1]
  .text              ro code  0x00000b72    0x2  iar_startup_nrf51.o [1]
  .text              ro code  0x00000b74    0x2  iar_startup_nrf51.o [1]
  .text              ro code  0x00000b76    0x2  iar_startup_nrf51.o [1]
  .text              ro code  0x00000b78    0x2  iar_startup_nrf51.o [1]
  .text              ro code  0x00000b7a    0x2  iar_startup_nrf51.o [1]
  .text              ro code  0x00000b7c    0x2  iar_startup_nrf51.o [1]
  .text              ro code  0x00000b7e    0x2  iar_startup_nrf51.o [1]
  .text              ro code  0x00000b80    0x2  iar_startup_nrf51.o [1]
  .text              ro code  0x00000b82    0x2  iar_startup_nrf51.o [1]
  .text              ro code  0x00000b84    0x2  iar_startup_nrf51.o [1]
  .text              ro code  0x00000b86    0x2  iar_startup_nrf51.o [1]
  .text              ro code  0x00000b88    0x2  iar_startup_nrf51.o [1]
  .rodata            const    0x00000b8a    0x0  zero_init3.o [4]
  .rodata            const    0x00000b8a    0x0  copy_init3.o [4]
                            - 0x00000b8a  0xaca

"P2", part 1 of 3:                          0x8
  P2-1                        0x20000000    0x5  <Init block>
    .data            inited   0x20000000    0x4  system_nrf51.o [1]
    .data            inited   0x20000004    0x1  main.o [1]
                            - 0x20000005    0x5

"P2", part 2 of 3:                        0x800
  CSTACK                      0x20000008  0x800  <Block>
    CSTACK           uninit   0x20000008  0x800  <Block tail>
                            - 0x20000808  0x800

"P2", part 3 of 3:                         0x5c
  .bss               zero     0x20000808   0x14  main.o [1]
  .bss               zero     0x2000081c   0x14  main.o [1]
  .bss               zero     0x20000830   0x14  main.o [1]
  .bss               zero     0x20000844    0x8  main.o [1]
  .bss               zero     0x2000084c    0x8  main.o [1]
  .bss               zero     0x20000854    0x4  main.o [1]
  .bss               zero     0x20000858    0x4  main.o [1]
  .bss               zero     0x2000085c    0x4  main.o [1]
  .bss               zero     0x20000860    0x1  main.o [1]
  .bss               zero     0x20000861    0x1  main.o [1]
                            - 0x20000862   0x5a


*******************************************************************************
*** INIT TABLE
***

          Address     Size
          -------     ----
Zero (__iar_zero_init3)
    1 destination range, total size 0x5a:
          0x20000808  0x5a

Copy (__iar_copy_init3)
    1 source range, total size 0x8 (160% of destination):
          0x00000b50   0x8
    1 destination range, total size 0x5:
          0x20000000   0x5



*******************************************************************************
*** MODULE SUMMARY
***

    Module               ro code  ro data  rw data
    ------               -------  -------  -------
C:\Users\CYRIM\Documents\GitHub\Projet_M2\Board\nrf6310\template_project\iar\Debug\Obj: [1]
    iar_startup_nrf51.o      290
    initialization.o         104
    main.o                 1 380        1       91
    spi_master.o             448
    system_nrf51.o           240        4        4
    ----------------------------------------------
    Total:                 2 462        5       95

command line: [2]
    ----------------------------------------------
    Total:

dl6M_tln.a: [3]
    exit.o                     8
    ----------------------------------------------
    Total:                     8

rt6M_tl.a: [4]
    I32DivModFast.o          224
    cexit.o                   10
    cmain.o                   26
    copy_init3.o              48
    cstartup_M.o              12
    data_init.o               40
    zero_init3.o              60
    ----------------------------------------------
    Total:                   420

shb_l.a: [5]
    exit.o                    20
    ----------------------------------------------
    Total:                    20

    Linker created                     39    2 048
--------------------------------------------------
    Grand Total:           2 910       44    2 143


*******************************************************************************
*** ENTRY LIST
***

Entry                      Address   Size  Type      Object
-----                      -------   ----  ----      ------
.iar.init_table$$Base   0x00000adc          --   Gb  - Linker created -
.iar.init_table$$Limit  0x00000b00          --   Gb  - Linker created -
?main                   0x00000b01         Code  Gb  cmain.o [4]
CSTACK$$Base            0x20000008          --   Gb  - Linker created -
CSTACK$$Limit           0x20000808          --   Gb  - Linker created -
GPIOTE_IRQHandler       0x000002cd   0x42  Code  Gb  main.o [1]
NVIC_DisableIRQ         0x000000cf    0xe  Code  Lc  main.o [1]
NVIC_EnableIRQ          0x000000c1    0xe  Code  Lc  main.o [1]
Region$$Table$$Base     0x00000adc          --   Gb  - Linker created -
Region$$Table$$Limit    0x00000b00          --   Gb  - Linker created -
SystemCoreClock         0x20000000    0x4  Data  Gb  system_nrf51.o [1]
SystemInit              0x0000092d   0x28  Code  Gb  system_nrf51.o [1]
TIMER0_IRQHandler       0x0000030f   0x70  Code  Gb  main.o [1]
TIMER1_IRQHandler       0x00000399   0x4c  Code  Gb  main.o [1]
__Vectors               0x00000000          --   Gb  iar_startup_nrf51.o [1]
__Vectors_End           0x000000c0         Data  Gb  iar_startup_nrf51.o [1]
__Vectors_Size {Abs}    0x000000c0          --   Gb  iar_startup_nrf51.o [1]
__aeabi_idiv            0x00000879         Code  Gb  I32DivModFast.o [4]
__aeabi_idivmod         0x00000879         Code  Gb  I32DivModFast.o [4]
__aeabi_uidiv           0x0000087f         Code  Gb  I32DivModFast.o [4]
__aeabi_uidivmod        0x0000087f         Code  Gb  I32DivModFast.o [4]
__cmain                 0x00000b01         Code  Gb  cmain.o [4]
__exit                  0x00000b31   0x14  Code  Gb  exit.o [5]
__iar_copy_init3        0x00000a59   0x30  Code  Gb  copy_init3.o [4]
__iar_data_init3        0x00000ab5   0x28  Code  Gb  data_init.o [4]
__iar_program_start     0x00000b45         Code  Gb  cstartup_M.o [4]
__iar_zero_init3        0x00000a1d   0x3c  Code  Gb  zero_init3.o [4]
__vector_table          0x00000000         Data  Gb  iar_startup_nrf51.o [1]
_call_main              0x00000b0d         Code  Gb  cmain.o [4]
_exit                   0x00000b25         Code  Gb  cexit.o [4]
_main                   0x00000b17         Code  Gb  cmain.o [4]
exit                    0x00000b1b    0x8  Code  Gb  exit.o [3]
gpiote_init             0x00000821   0x1c  Code  Gb  initialization.o [1]
is_disabled_in_debug_needed
                        0x000009c5   0x38  Code  Lc  system_nrf51.o [1]
is_manual_peripheral_setup_needed
                        0x00000955   0x70  Code  Lc  system_nrf51.o [1]
main                    0x00000429  0x106  Code  Gb  main.o [1]
nrf_gpio_cfg_input      0x000007e5   0x12  Code  Lc  initialization.o [1]
nrf_gpio_cfg_input      0x00000631   0x12  Code  Lc  spi_master.o [1]
nrf_gpio_cfg_output     0x000000dd    0xc  Code  Lc  main.o [1]
nrf_gpio_cfg_output     0x00000625    0xc  Code  Lc  spi_master.o [1]
nrf_gpio_pin_clear      0x000000f3    0xa  Code  Lc  main.o [1]
nrf_gpio_pin_clear      0x0000064d    0xa  Code  Lc  spi_master.o [1]
nrf_gpio_pin_set        0x000000e9    0xa  Code  Lc  main.o [1]
nrf_gpio_pin_set        0x00000643    0xa  Code  Lc  spi_master.o [1]
nrf_gpio_pin_toggle     0x000000fd   0x10  Code  Lc  main.o [1]
nrf_gpiote_event_config
                        0x000007f7   0x2a  Code  Lc  initialization.o [1]
pulse_count             0x20000860    0x1  Data  Gb  main.o [1]
read_ac_value           0x00000189   0x6a  Code  Gb  main.o [1]
read_data               0x0000014b   0x3e  Code  Gb  main.o [1]
rx_data                 0x2000084c    0x8  Data  Lc  main.o [1]
sample_count            0x20000004    0x1  Data  Gb  main.o [1]
spi_master_init         0x00000657   0xe6  Code  Gb  spi_master.o [1]
spi_master_tx_rx        0x0000073d   0x84  Code  Gb  spi_master.o [1]
start                   0x20000861    0x1  Data  Gb  main.o [1]
test_spi_tx_rx          0x000001f3   0xda  Code  Lc  main.o [1]
timerSPI_init           0x00000573   0x3c  Code  Gb  main.o [1]
timerVib_init           0x00000539   0x3a  Code  Gb  main.o [1]
tx_data                 0x20000844    0x8  Data  Lc  main.o [1]
write_data              0x0000010d   0x3e  Code  Gb  main.o [1]
x_acc_samples           0x20000808   0x14  Data  Lc  main.o [1]
x_acceleration          0x20000854    0x4  Data  Gb  main.o [1]
y_acc_samples           0x2000081c   0x14  Data  Lc  main.o [1]
y_acceleration          0x20000858    0x4  Data  Gb  main.o [1]
z_acc_samples           0x20000830   0x14  Data  Lc  main.o [1]
z_acceleration          0x2000085c    0x4  Data  Gb  main.o [1]


[1] = C:\Users\CYRIM\Documents\GitHub\Projet_M2\Board\nrf6310\template_project\iar\Debug\Obj
[2] = command line
[3] = dl6M_tln.a
[4] = rt6M_tl.a
[5] = shb_l.a

  2 910 bytes of readonly  code memory
     44 bytes of readonly  data memory
  2 143 bytes of readwrite data memory

Errors: none
Warnings: none
