###############################################################################
#
# IAR ELF Linker V7.80.1.11864/W32 for ARM                14/Dec/2016  16:44:08
# Copyright 2007-2016 IAR Systems AB.
#
#    Output file  =  
#        Z:\GitHub\Projet_M2\Board\nrf6310\template_project\iar\Debug\Exe\template_project.out
#    Map file     =  
#        Z:\GitHub\Projet_M2\Board\nrf6310\template_project\iar\Debug\List\template_project.map
#    Command line =  
#        Z:\GitHub\Projet_M2\Board\nrf6310\template_project\iar\Debug\Obj\iar_startup_nrf51.o
#        Z:\GitHub\Projet_M2\Board\nrf6310\template_project\iar\Debug\Obj\initialization.o
#        Z:\GitHub\Projet_M2\Board\nrf6310\template_project\iar\Debug\Obj\main.o
#        Z:\GitHub\Projet_M2\Board\nrf6310\template_project\iar\Debug\Obj\radio_config.o
#        Z:\GitHub\Projet_M2\Board\nrf6310\template_project\iar\Debug\Obj\spi_master.o
#        Z:\GitHub\Projet_M2\Board\nrf6310\template_project\iar\Debug\Obj\system_nrf51.o
#        --redirect _Printf=_PrintfFull --redirect _Scanf=_ScanfFull -o
#        Z:\GitHub\Projet_M2\Board\nrf6310\template_project\iar\Debug\Exe\template_project.out
#        --map
#        Z:\GitHub\Projet_M2\Board\nrf6310\template_project\iar\Debug\List\template_project.map
#        --config "C:\Program Files (x86)\IAR Systems\Embedded Workbench
#        7.5\arm\config\linker\NordicSemi\nRF51822_QFAA.icf" --semihosting
#        --entry __iar_program_start --inline --vfe
#
###############################################################################

*******************************************************************************
*** RUNTIME MODEL ATTRIBUTES
***

CppFlavor       = *
__SystemLibrary = DLib


*******************************************************************************
*** PLACEMENT SUMMARY
***

"A0":  place at 0x00000000 { ro section .intvec };
"P1":  place in [from 0x00000000 to 0x0003ffff] { ro };
"P2":  place in [from 0x20000000 to 0x20003fff] { rw, block CSTACK, block HEAP };
initialize by copy { rw };
 { section .intvec };

  Section             Kind        Address    Size  Object
  -------             ----        -------    ----  ------
"A0":                                        0xc0
  .intvec             ro code  0x00000000    0xc0  iar_startup_nrf51.o [1]
                             - 0x000000c0    0xc0

"P1":                                      0x14fa
  .text               ro code  0x000000c0   0x37c  main.o [1]
  .text               ro code  0x0000043c   0x12c  initialization.o [1]
  .text               ro code  0x00000568   0x2ac  spi_master.o [1]
  .text               ro code  0x00000814    0xe0  I32DivModFast.o [5]
  .text               ro code  0x000008f4    0x20  I32ToDbl.o [4]
  .text               ro code  0x00000914   0x184  DblMul.o [4]
  .text               ro code  0x00000a98   0x1b4  DblAddSub.o [4]
  .text               ro code  0x00000c4c    0xbe  sqrt.o [4]
  .text               ro code  0x00000d0a    0xc2  DblDiv.o [4]
  .text               ro code  0x00000dcc   0x100  acos.o [4]
  .text               ro code  0x00000ecc    0x4e  DblToI32.o [4]
  .text               ro code  0x00000f1a     0x2  iar_startup_nrf51.o [1]
  .text               ro code  0x00000f1c   0x224  radio_config.o [1]
  .text               ro code  0x00001140     0xc  iarEdom.o [5]
  .text               ro code  0x0000114c    0x32  DblCmpLe.o [4]
  .text               ro code  0x0000117e     0x2  iar_startup_nrf51.o [1]
  .text               ro code  0x00001180   0x1e0  xatan.o [4]
  .text               ro code  0x00001360    0x10  errno.o [3]
  .text               ro code  0x00001370    0x32  DblCmpGe.o [4]
  .text               ro code  0x000013a2     0x2  iar_startup_nrf51.o [1]
  .text               ro code  0x000013a4    0xf0  system_nrf51.o [1]
  .text               ro code  0x00001494    0x3c  packbits_init_single.o [5]
  .text               ro code  0x000014d0    0x2c  iar_startup_nrf51.o [1]
  .text               ro code  0x000014fc    0x28  data_init.o [5]
  .iar.init_table     const    0x00001524    0x10  - Linker created -
  .text               ro code  0x00001534    0x1a  cmain.o [5]
  .text               ro code  0x0000154e     0x8  exit.o [3]
  .text               ro code  0x00001556     0x2  iar_startup_nrf51.o [1]
  .text               ro code  0x00001558     0xa  cexit.o [5]
  .text               ro code  0x00001562     0x2  iar_startup_nrf51.o [1]
  .text               ro code  0x00001564    0x14  exit.o [6]
  .text               ro code  0x00001578     0xc  cstartup_M.o [5]
  .text               ro code  0x00001584     0x2  iar_startup_nrf51.o [1]
  .text               ro code  0x00001586     0x2  iar_startup_nrf51.o [1]
  .text               ro code  0x00001588     0x2  iar_startup_nrf51.o [1]
  .text               ro code  0x0000158a     0x2  iar_startup_nrf51.o [1]
  .text               ro code  0x0000158c     0x2  iar_startup_nrf51.o [1]
  .text               ro code  0x0000158e     0x2  iar_startup_nrf51.o [1]
  .text               ro code  0x00001590     0x2  iar_startup_nrf51.o [1]
  .text               ro code  0x00001592     0x2  iar_startup_nrf51.o [1]
  .text               ro code  0x00001594     0x2  iar_startup_nrf51.o [1]
  .text               ro code  0x00001596     0x2  iar_startup_nrf51.o [1]
  .text               ro code  0x00001598     0x2  iar_startup_nrf51.o [1]
  .text               ro code  0x0000159a     0x2  iar_startup_nrf51.o [1]
  .text               ro code  0x0000159c     0x2  iar_startup_nrf51.o [1]
  .text               ro code  0x0000159e     0x2  iar_startup_nrf51.o [1]
  .text               ro code  0x000015a0     0x2  iar_startup_nrf51.o [1]
  .text               ro code  0x000015a2     0x2  iar_startup_nrf51.o [1]
  .text               ro code  0x000015a4     0x2  iar_startup_nrf51.o [1]
  .text               ro code  0x000015a6     0x2  iar_startup_nrf51.o [1]
  .text               ro code  0x000015a8     0x2  iar_startup_nrf51.o [1]
  .text               ro code  0x000015aa     0x2  iar_startup_nrf51.o [1]
  .text               ro code  0x000015ac     0x2  iar_startup_nrf51.o [1]
  .text               ro code  0x000015ae     0x2  iar_startup_nrf51.o [1]
  .rodata             const    0x000015b0     0x0  packbits_init_single.o [5]
  Initializer bytes   const    0x000015b0     0xa  <for P2-1>
                             - 0x000015ba  0x14fa

"P2", part 1 of 2:                           0x47
  P2-1                         0x20000000    0x47  <Init block>
    .data             inited   0x20000000     0x4  system_nrf51.o [1]
    __DLIB_PERTHREAD  inited   0x20000004     0x4  errno.o [3]
    .bss              inited   0x20000008    0x14  main.o [1]
    .bss              inited   0x2000001c    0x14  main.o [1]
    .bss              inited   0x20000030    0x14  main.o [1]
    .data             inited   0x20000044     0x1  main.o [1]
    .bss              inited   0x20000045     0x1  main.o [1]
    .bss              inited   0x20000046     0x1  main.o [1]
                             - 0x20000047    0x47

"P2", part 2 of 2:                          0x800
  CSTACK                       0x20000048   0x800  <Block>
    CSTACK            uninit   0x20000048   0x800  <Block tail>
                             - 0x20000848   0x800


*******************************************************************************
*** INIT TABLE
***

          Address     Size
          -------     ----
Copy/packbits (__iar_packbits_init_single3)
    1 source range, total size 0xa (14% of destination):
          0x000015b0   0xa
    1 destination range, total size 0x47:
          0x20000000  0x47



*******************************************************************************
*** MODULE SUMMARY
***

    Module                  ro code  ro data  rw data
    ------                  -------  -------  -------
Z:\GitHub\Projet_M2\Board\nrf6310\template_project\iar\Debug\Obj: [1]
    iar_startup_nrf51.o         290
    initialization.o            300
    main.o                      892        9       63
    radio_config.o              548
    spi_master.o                684
    system_nrf51.o              240                 4
    -------------------------------------------------
    Total:                    2 954        9       67

command line: [2]
    -------------------------------------------------
    Total:

dl6M_tln.a: [3]
    errno.o                      16        1        4
    exit.o                        8
    -------------------------------------------------
    Total:                       24        1        4

m6M_tl.a: [4]
    DblAddSub.o                 436
    DblCmpGe.o                   50
    DblCmpLe.o                   50
    DblDiv.o                    194
    DblMul.o                    388
    DblToI32.o                   78
    I32ToDbl.o                   32
    acos.o                      256
    sqrt.o                      190
    xatan.o                     480
    -------------------------------------------------
    Total:                    2 154

rt6M_tl.a: [5]
    I32DivModFast.o             224
    cexit.o                      10
    cmain.o                      26
    cstartup_M.o                 12
    data_init.o                  40
    iarEdom.o                    12
    packbits_init_single.o       60
    -------------------------------------------------
    Total:                      384

shb_l.a: [6]
    exit.o                       20
    -------------------------------------------------
    Total:                       20

    Linker created                        16    2 048
-----------------------------------------------------
    Grand Total:              5 536       26    2 119


*******************************************************************************
*** ENTRY LIST
***

Entry                      Address   Size  Type      Object
-----                      -------   ----  ----      ------
.iar.init_table$$Base   0x00001524          --   Gb  - Linker created -
.iar.init_table$$Limit  0x00001534          --   Gb  - Linker created -
?main                   0x00001535         Code  Gb  cmain.o [5]
CSTACK$$Base            0x20000048          --   Gb  - Linker created -
CSTACK$$Limit           0x20000848          --   Gb  - Linker created -
GPIOTE_IRQHandler       0x000002f1   0x42  Code  Gb  main.o [1]
NVIC_DisableIRQ         0x000000cf    0xe  Code  Lc  main.o [1]
NVIC_EnableIRQ          0x000000c1    0xe  Code  Lc  main.o [1]
Region$$Table$$Base     0x00001524          --   Gb  - Linker created -
Region$$Table$$Limit    0x00001534          --   Gb  - Linker created -
SystemCoreClock         0x20000000    0x4  Data  Gb  system_nrf51.o [1]
SystemInit              0x000013a5   0x28  Code  Gb  system_nrf51.o [1]
TIMER0_IRQHandler       0x00000333   0x70  Code  Gb  main.o [1]
TIMER1_IRQHandler       0x000003a3   0x4c  Code  Gb  main.o [1]
__Vectors               0x00000000          --   Gb  iar_startup_nrf51.o [1]
__Vectors_End           0x000000c0         Data  Gb  iar_startup_nrf51.o [1]
__Vectors_Size {Abs}    0x000000c0          --   Gb  iar_startup_nrf51.o [1]
__aeabi_cdcmple         0x0000114d         Code  Gb  DblCmpLe.o [4]
__aeabi_cdrcmple        0x00001371         Code  Gb  DblCmpGe.o [4]
__aeabi_d2iz            0x00000ecd         Code  Gb  DblToI32.o [4]
__aeabi_dadd            0x00000a99         Code  Gb  DblAddSub.o [4]
__aeabi_ddiv            0x00000d0b         Code  Gb  DblDiv.o [4]
__aeabi_dmul            0x00000915         Code  Gb  DblMul.o [4]
__aeabi_dsub            0x00000b5f         Code  Gb  DblAddSub.o [4]
__aeabi_errno_addr      0x00001361    0xa  Code  Gb  errno.o [3]
__aeabi_idiv            0x00000841         Code  Gb  I32DivModFast.o [5]
__aeabi_idivmod         0x00000841         Code  Gb  I32DivModFast.o [5]
__aeabi_ui2d            0x000008f5         Code  Gb  I32ToDbl.o [4]
__aeabi_uidiv           0x00000847         Code  Gb  I32DivModFast.o [5]
__aeabi_uidivmod        0x00000847         Code  Gb  I32DivModFast.o [5]
__cmain                 0x00001535         Code  Gb  cmain.o [5]
__exit                  0x00001565   0x14  Code  Gb  exit.o [6]
__iar_Atan              0x00001181  0x148  Code  Gb  xatan.o [4]
__iar_Errno             0x20000004    0x4  Data  Gb  errno.o [3]
__iar_d2uiz             0x00000ef1         Code  Gb  DblToI32.o [4]
__iar_data_init3        0x000014fd   0x28  Code  Gb  data_init.o [5]
__iar_edom              0x00001141         Code  Gb  iarEdom.o [5]
__iar_packbits_init_single3
                        0x00001495   0x3c  Code  Gb  packbits_init_single.o [5]
__iar_program_start     0x00001579         Code  Gb  cstartup_M.o [5]
__iar_sqrt              0x00000c4d         Code  Gb  sqrt.o [4]
__iar_ui2d              0x000008f9         Code  Gb  I32ToDbl.o [4]
__vector_table          0x00000000         Data  Gb  iar_startup_nrf51.o [1]
_call_main              0x00001541         Code  Gb  cmain.o [5]
_exit                   0x00001559         Code  Gb  cexit.o [5]
_main                   0x0000154b         Code  Gb  cmain.o [5]
a                       0x00001320   0x40  Data  Lc  xatan.o [4]
acos                    0x00000dcd  0x100  Code  Gb  acos.o [4]
exit                    0x0000154f    0x8  Code  Gb  exit.o [3]
gpiote_init             0x00000479   0x1c  Code  Gb  initialization.o [1]
is_disabled_in_debug_needed
                        0x0000143d   0x38  Code  Lc  system_nrf51.o [1]
is_manual_peripheral_setup_needed
                        0x000013cd   0x70  Code  Lc  system_nrf51.o [1]
main                    0x0000010d  0x1e4  Code  Gb  main.o [1]
nrf_gpio_cfg_input      0x0000043d   0x12  Code  Lc  initialization.o [1]
nrf_gpio_cfg_input      0x00000575   0x12  Code  Lc  spi_master.o [1]
nrf_gpio_cfg_output     0x000000dd    0xc  Code  Lc  main.o [1]
nrf_gpio_cfg_output     0x00000569    0xc  Code  Lc  spi_master.o [1]
nrf_gpio_pin_clear      0x000000f3    0xa  Code  Lc  main.o [1]
nrf_gpio_pin_clear      0x00000591    0xa  Code  Lc  spi_master.o [1]
nrf_gpio_pin_set        0x000000e9    0xa  Code  Lc  main.o [1]
nrf_gpio_pin_set        0x00000587    0xa  Code  Lc  spi_master.o [1]
nrf_gpio_pin_toggle     0x000000fd   0x10  Code  Lc  main.o [1]
nrf_gpiote_event_config
                        0x0000044f   0x2a  Code  Lc  initialization.o [1]
pulse_count             0x20000045    0x1  Data  Gb  main.o [1]
radio_configure         0x00000f8b   0xe0  Code  Gb  radio_config.o [1]
read_ac_value           0x000007ab   0x6a  Code  Gb  spi_master.o [1]
read_data               0x0000076b   0x40  Code  Gb  spi_master.o [1]
rf_send                 0x0000106b   0x68  Code  Gb  radio_config.o [1]
sample_count            0x20000044    0x1  Data  Gb  main.o [1]
spi_master_init         0x0000059b   0xe6  Code  Gb  spi_master.o [1]
spi_master_tx_rx        0x00000681   0x84  Code  Gb  spi_master.o [1]
sqrt                    0x00000c4d         Code  Gb  sqrt.o [4]
sqrtl                   0x00000c4d         Code  Gb  sqrt.o [4]
start                   0x20000046    0x1  Data  Gb  main.o [1]
swap_bits               0x00000f1d   0x2e  Code  Lc  radio_config.o [1]
swap_bytes              0x00000f4b   0x40  Code  Lc  radio_config.o [1]
timerSPI_init           0x000004cf   0x3c  Code  Gb  initialization.o [1]
timerVib_init           0x00000495   0x3a  Code  Gb  initialization.o [1]
write_data              0x00000729   0x42  Code  Gb  spi_master.o [1]
x_acc_samples           0x20000008   0x14  Data  Lc  main.o [1]
y_acc_samples           0x2000001c   0x14  Data  Lc  main.o [1]
z_acc_samples           0x20000030   0x14  Data  Lc  main.o [1]


[1] = Z:\GitHub\Projet_M2\Board\nrf6310\template_project\iar\Debug\Obj
[2] = command line
[3] = dl6M_tln.a
[4] = m6M_tl.a
[5] = rt6M_tl.a
[6] = shb_l.a

  5 536 bytes of readonly  code memory
     26 bytes of readonly  data memory
  2 119 bytes of readwrite data memory

Errors: none
Warnings: none
