###############################################################################
#
# IAR ELF Linker V7.80.1.11864/W32 for ARM                21/Nov/2016  11:50:36
# Copyright 2007-2016 IAR Systems AB.
#
#    Output file  =  
#        D:\IAR Embedded
#        Workbench\arm\7.80.1\NordicSemi\nrf51822\Board\nrf6310\spi_master_example\iar\Debug\Exe\spi_master_example.out
#    Map file     =  
#        D:\IAR Embedded
#        Workbench\arm\7.80.1\NordicSemi\nrf51822\Board\nrf6310\spi_master_example\iar\Debug\List\spi_master_example.map
#    Command line =  
#        "D:\IAR Embedded
#        Workbench\arm\7.80.1\NordicSemi\nrf51822\Board\nrf6310\spi_master_example\iar\Debug\Obj\iar_startup_nrf51.o"
#        "D:\IAR Embedded
#        Workbench\arm\7.80.1\NordicSemi\nrf51822\Board\nrf6310\spi_master_example\iar\Debug\Obj\main.o"
#        "D:\IAR Embedded
#        Workbench\arm\7.80.1\NordicSemi\nrf51822\Board\nrf6310\spi_master_example\iar\Debug\Obj\nrf_delay.o"
#        "D:\IAR Embedded
#        Workbench\arm\7.80.1\NordicSemi\nrf51822\Board\nrf6310\spi_master_example\iar\Debug\Obj\spi_master.o"
#        "D:\IAR Embedded
#        Workbench\arm\7.80.1\NordicSemi\nrf51822\Board\nrf6310\spi_master_example\iar\Debug\Obj\system_nrf51.o"
#        --redirect _Printf=_PrintfFull --redirect _Scanf=_ScanfFull -o "D:\IAR
#        Embedded
#        Workbench\arm\7.80.1\NordicSemi\nrf51822\Board\nrf6310\spi_master_example\iar\Debug\Exe\spi_master_example.out"
#        --map "D:\IAR Embedded
#        Workbench\arm\7.80.1\NordicSemi\nrf51822\Board\nrf6310\spi_master_example\iar\Debug\List\spi_master_example.map"
#        --config "C:\Program Files (x86)\IAR Systems\Embedded Workbench
#        7.5\arm\config\linker\NordicSemi\nRF51822_QFAA.icf" --semihosting
#        --entry __iar_program_start --inline --vfe
#
###############################################################################

*******************************************************************************
*** RUNTIME MODEL ATTRIBUTES
***

CppFlavor       = *
__SystemLibrary = DLib


*******************************************************************************
*** PLACEMENT SUMMARY
***

"A0":  place at 0x00000000 { ro section .intvec };
"P1":  place in [from 0x00000000 to 0x0003ffff] { ro };
"P2":  place in [from 0x20000000 to 0x20003fff] { rw, block CSTACK, block HEAP };
initialize by copy { rw };
 { section .intvec };

  Section            Kind        Address   Size  Object
  -------            ----        -------   ----  ------
"A0":                                      0xc0
  .intvec            ro code  0x00000000   0xc0  iar_startup_nrf51.o [1]
                            - 0x000000c0   0xc0

"P1":                                     0x692
  .text              ro code  0x000000c0  0x278  main.o [1]
  .text              ro code  0x00000338  0x1c0  spi_master.o [1]
  .text              ro code  0x000004f8   0x3c  nrf_delay.o [1]
  .text              ro code  0x00000534   0xf0  system_nrf51.o [1]
  .text              ro code  0x00000624   0x3c  packbits_init_single.o [4]
  .text              ro code  0x00000660   0x2c  iar_startup_nrf51.o [1]
  .text              ro code  0x0000068c   0x28  data_init.o [4]
  .iar.init_table    const    0x000006b4   0x10  - Linker created -
  .text              ro code  0x000006c4   0x1a  cmain.o [4]
  .text              ro code  0x000006de    0x8  exit.o [3]
  .text              ro code  0x000006e6    0x2  iar_startup_nrf51.o [1]
  .text              ro code  0x000006e8    0xa  cexit.o [4]
  .text              ro code  0x000006f2    0x2  iar_startup_nrf51.o [1]
  .text              ro code  0x000006f4   0x14  exit.o [5]
  .text              ro code  0x00000708    0xc  cstartup_M.o [4]
  .text              ro code  0x00000714    0x2  iar_startup_nrf51.o [1]
  .text              ro code  0x00000716    0x2  iar_startup_nrf51.o [1]
  .text              ro code  0x00000718    0x2  iar_startup_nrf51.o [1]
  .text              ro code  0x0000071a    0x2  iar_startup_nrf51.o [1]
  .text              ro code  0x0000071c    0x2  iar_startup_nrf51.o [1]
  .text              ro code  0x0000071e    0x2  iar_startup_nrf51.o [1]
  .text              ro code  0x00000720    0x2  iar_startup_nrf51.o [1]
  .text              ro code  0x00000722    0x2  iar_startup_nrf51.o [1]
  .text              ro code  0x00000724    0x2  iar_startup_nrf51.o [1]
  .text              ro code  0x00000726    0x2  iar_startup_nrf51.o [1]
  .text              ro code  0x00000728    0x2  iar_startup_nrf51.o [1]
  .text              ro code  0x0000072a    0x2  iar_startup_nrf51.o [1]
  .text              ro code  0x0000072c    0x2  iar_startup_nrf51.o [1]
  .text              ro code  0x0000072e    0x2  iar_startup_nrf51.o [1]
  .text              ro code  0x00000730    0x2  iar_startup_nrf51.o [1]
  .text              ro code  0x00000732    0x2  iar_startup_nrf51.o [1]
  .text              ro code  0x00000734    0x2  iar_startup_nrf51.o [1]
  .text              ro code  0x00000736    0x2  iar_startup_nrf51.o [1]
  .text              ro code  0x00000738    0x2  iar_startup_nrf51.o [1]
  .text              ro code  0x0000073a    0x2  iar_startup_nrf51.o [1]
  .text              ro code  0x0000073c    0x2  iar_startup_nrf51.o [1]
  .text              ro code  0x0000073e    0x2  iar_startup_nrf51.o [1]
  .text              ro code  0x00000740    0x2  iar_startup_nrf51.o [1]
  .text              ro code  0x00000742    0x2  iar_startup_nrf51.o [1]
  .text              ro code  0x00000744    0x2  iar_startup_nrf51.o [1]
  .text              ro code  0x00000746    0x2  iar_startup_nrf51.o [1]
  .text              ro code  0x00000748    0x2  iar_startup_nrf51.o [1]
  .text              ro code  0x0000074a    0x2  iar_startup_nrf51.o [1]
  .rodata            const    0x0000074c    0x0  packbits_init_single.o [4]
  Initializer bytes  const    0x0000074c    0x6  <for P2-1>
                            - 0x00000752  0x692

"P2", part 1 of 2:                         0x14
  P2-1                        0x20000000   0x14  <Init block>
    .data            inited   0x20000000    0x4  system_nrf51.o [1]
    .bss             inited   0x20000004    0x8  main.o [1]
    .bss             inited   0x2000000c    0x8  main.o [1]
                            - 0x20000014   0x14

"P2", part 2 of 2:                        0x800
  CSTACK                      0x20000018  0x800  <Block>
    CSTACK           uninit   0x20000018  0x800  <Block tail>
                            - 0x20000818  0x800


*******************************************************************************
*** INIT TABLE
***

          Address     Size
          -------     ----
Copy/packbits (__iar_packbits_init_single3)
    1 source range, total size 0x6 (30% of destination):
          0x0000074c   0x6
    1 destination range, total size 0x14:
          0x20000000  0x14



*******************************************************************************
*** MODULE SUMMARY
***

    Module                  ro code  ro data  rw data
    ------                  -------  -------  -------
D:\IAR Embedded Workbench\arm\7.80.1\NordicSemi\nrf51822\Board\nrf6310\spi_master_example\iar\Debug\Obj: [1]
    iar_startup_nrf51.o         296
    main.o                      632        5       16
    nrf_delay.o                  60
    spi_master.o                448
    system_nrf51.o              240        1        4
    -------------------------------------------------
    Total:                    1 676        6       20

command line: [2]
    -------------------------------------------------
    Total:

dl6M_tln.a: [3]
    exit.o                        8
    -------------------------------------------------
    Total:                        8

rt6M_tl.a: [4]
    cexit.o                      10
    cmain.o                      26
    cstartup_M.o                 12
    data_init.o                  40
    packbits_init_single.o       60
    -------------------------------------------------
    Total:                      148

shb_l.a: [5]
    exit.o                       20
    -------------------------------------------------
    Total:                       20

    Linker created                        16    2 048
-----------------------------------------------------
    Grand Total:              1 852       22    2 068


*******************************************************************************
*** ENTRY LIST
***

Entry                      Address  Size  Type      Object
-----                      -------  ----  ----      ------
.iar.init_table$$Base   0x000006b4         --   Gb  - Linker created -
.iar.init_table$$Limit  0x000006c4         --   Gb  - Linker created -
?main                   0x000006c5        Code  Gb  cmain.o [4]
CSTACK$$Base            0x20000018         --   Gb  - Linker created -
CSTACK$$Limit           0x20000818         --   Gb  - Linker created -
Region$$Table$$Base     0x000006b4         --   Gb  - Linker created -
Region$$Table$$Limit    0x000006c4         --   Gb  - Linker created -
SystemCoreClock         0x20000000   0x4  Data  Gb  system_nrf51.o [1]
SystemInit              0x00000535  0x28  Code  Gb  system_nrf51.o [1]
__Vectors               0x00000000         --   Gb  iar_startup_nrf51.o [1]
__Vectors_End           0x000000c0        Data  Gb  iar_startup_nrf51.o [1]
__Vectors_Size {Abs}    0x000000c0         --   Gb  iar_startup_nrf51.o [1]
__cmain                 0x000006c5        Code  Gb  cmain.o [4]
__exit                  0x000006f5  0x14  Code  Gb  exit.o [5]
__iar_data_init3        0x0000068d  0x28  Code  Gb  data_init.o [4]
__iar_packbits_init_single3
                        0x00000625  0x3c  Code  Gb  packbits_init_single.o [4]
__iar_program_start     0x00000709        Code  Gb  cstartup_M.o [4]
__vector_table          0x00000000        Data  Gb  iar_startup_nrf51.o [1]
_call_main              0x000006d1        Code  Gb  cmain.o [4]
_exit                   0x000006e9        Code  Gb  cexit.o [4]
_main                   0x000006db        Code  Gb  cmain.o [4]
exit                    0x000006df   0x8  Code  Gb  exit.o [3]
is_disabled_in_debug_needed
                        0x000005cd  0x38  Code  Lc  system_nrf51.o [1]
is_manual_peripheral_setup_needed
                        0x0000055d  0x70  Code  Lc  system_nrf51.o [1]
main                    0x00000285  0x62  Code  Gb  main.o [1]
nrf_delay_ms            0x00000517  0x18  Code  Gb  nrf_delay.o [1]
nrf_delay_us            0x000004f9  0x1e  Code  Lc  nrf_delay.o [1]
nrf_gpio_cfg_input      0x00000345  0x12  Code  Lc  spi_master.o [1]
nrf_gpio_cfg_output     0x000000c1   0xc  Code  Lc  main.o [1]
nrf_gpio_cfg_output     0x00000339   0xc  Code  Lc  spi_master.o [1]
nrf_gpio_pin_clear      0x00000361   0xa  Code  Lc  spi_master.o [1]
nrf_gpio_pin_set        0x000000cd   0xa  Code  Lc  main.o [1]
nrf_gpio_pin_set        0x00000357   0xa  Code  Lc  spi_master.o [1]
read_ac_value           0x00000153  0x6a  Code  Gb  main.o [1]
read_data               0x00000115  0x3e  Code  Gb  main.o [1]
rx_data                 0x2000000c   0x8  Data  Lc  main.o [1]
spi_master_init         0x0000036b  0xe6  Code  Gb  spi_master.o [1]
spi_master_tx_rx        0x00000451  0x84  Code  Gb  spi_master.o [1]
test_spi_tx_rx          0x000001bd  0xc8  Code  Lc  main.o [1]
tx_data                 0x20000004   0x8  Data  Lc  main.o [1]
write_data              0x000000d7  0x3e  Code  Gb  main.o [1]


[1] = D:\IAR Embedded Workbench\arm\7.80.1\NordicSemi\nrf51822\Board\nrf6310\spi_master_example\iar\Debug\Obj
[2] = command line
[3] = dl6M_tln.a
[4] = rt6M_tl.a
[5] = shb_l.a

  1 852 bytes of readonly  code memory
     22 bytes of readonly  data memory
  2 068 bytes of readwrite data memory

Errors: none
Warnings: none
